maude tool: 'maude'
 checking version: 3.5.1. OK.
 checking installation: OK.
[Theory PoIA_Composition_ThreeAction] Theory loaded
[Theory PoIA_Composition_ThreeAction] Theory translated
[Theory PoIA_Composition_ThreeAction] Derivation checks started
[Theory PoIA_Composition_ThreeAction] Derivation checks ended
[Theory PoIA_Composition_ThreeAction] Theory closed
[Saturating Sources] Step 1 (Max 5)
[Saturating Sources] Done
theory PoIA_Composition_ThreeAction

begin

// Function signature and definition of the equational theory E

functions: fst/1, h/1, pair/2, pk/1, sign/2, snd/1, true/0, verify/3
equations:
    fst(<x.1, x.2>) = x.1,
    snd(<x.1, x.2>) = x.2,
    verify(sign(x.1, x.2), x.1, pk(x.2)) = true

/* looping facts with injective instances: Current/1 */

restriction Equality:
  "∀ x y #i. (Eq( x, y ) @ #i) ⇒ (x = y)"
  // safety formula

  /*
  expanded formula:
  "∀ x y #i. (Eq( x, y ) @ #i) ⇒ (x = y)"
  */

restriction AtMostThreeAdversarialActions:
  "∀ a b c d #i #j #k #l.
    ((((AdversarialAction( a ) @ #i) ∧ (AdversarialAction( b ) @ #j)) ∧
      (AdversarialAction( c ) @ #k)) ∧
     (AdversarialAction( d ) @ #l)) ⇒
    ((((((#i = #j) ∨ (#i = #k)) ∨ (#i = #l)) ∨ (#j = #k)) ∨ (#j = #l)) ∨
     (#k = #l))"
  // safety formula

  /*
  expanded formula:
  "∀ a b c d #i #j #k #l.
    ((((AdversarialAction( a ) @ #i) ∧ (AdversarialAction( b ) @ #j)) ∧
      (AdversarialAction( c ) @ #k)) ∧
     (AdversarialAction( d ) @ #l)) ⇒
    ((((((#i = #j) ∨ (#i = #k)) ∨ (#i = #l)) ∨ (#j = #k)) ∨ (#j = #l)) ∨
     (#k = #l))"
  */

rule (modulo E) Init_Signer:
   [ Fr( sk ) ] --[ InitSigner( ) ]-> [ !SignKey( sk ), !SignPub( pk(sk) ) ]

  /* has exactly the trivial AC variant */

rule (modulo E) Init_Capture:
   [ Fr( content ), Fr( v0 ) ]
  --[ Captured( content ), InitReferent( v0, content ) ]->
   [ !Referent( v0, content ), Current( v0 ), Out( v0 ) ]

  /* has exactly the trivial AC variant */

rule (modulo E) Mutate_Referent:
   [ Current( v ), In( content2 ), Fr( v2 ) ]
  --[ MutateReferent( v, v2, content2 ), AdversarialAction( 'mutate' ) ]->
   [ !Referent( v2, content2 ), Current( v2 ), Out( v2 ) ]

  // loop breaker: [0]
  /* has exactly the trivial AC variant */

rule (modulo E) Commit_Intent:
   [ Current( v ), !Referent( v, content ) ]
  --[ Committed( v, content, h(content) ) ]->
   [ !CommittedIntent( <v, h(content)> ), Current( v ) ]

  // loop breaker: [0]
  /* has exactly the trivial AC variant */

rule (modulo E) RootA_Honest:
   [ !CommittedIntent( i ) ] --[ RootAReport( i ) ]-> [ ReportA( i ) ]

  /* has exactly the trivial AC variant */

rule (modulo E) RootB_Honest:
   [ !CommittedIntent( i ) ] --[ RootBReport( i ) ]-> [ ReportB( i ) ]

  /* has exactly the trivial AC variant */

rule (modulo E) Compromise_RootA:
   [ In( evil ) ]
  --[ RootACompromisedWith( evil ), AdversarialAction( 'rootA' ) ]->
   [ ReportA( evil ) ]

  /* has exactly the trivial AC variant */

rule (modulo E) Compromise_RootB:
   [ In( evil ) ]
  --[ RootBCompromisedWith( evil ), AdversarialAction( 'rootB' ) ]->
   [ ReportB( evil ) ]

  /* has exactly the trivial AC variant */

rule (modulo E) Sign_K2:
   [ !SignKey( sk ), ReportA( iA ), ReportB( iB ) ]
  --[ Eq( iA, iB ), Signed( iA ) ]->
   [ Out( <iA, sign(iA, sk)> ) ]

  /* has exactly the trivial AC variant */

rule (modulo E) Execute_RSI:
   [
   !SignPub( pk ), In( <<v, d>, sig> ), Current( v ),
   !Referent( v, content )
   ]
  --[
  Eq( verify(sig, <v, d>, pk), true ), Eq( h(content), d ),
  Executed( v, d, content )
  ]->
   [ Current( v ) ]

  // loop breaker: [2]
  /*
  rule (modulo AC) Execute_RSI:
     [
     !SignPub( pk ), In( <<v, d>, sig> ), Current( v ),
     !Referent( v, content )
     ]
    --[ Eq( z, true ), Eq( h(content), d ), Executed( v, d, content ) ]->
     [ Current( v ) ]
    variants (modulo AC)
    1. d     = d.7
       pk    = pk.7
       sig   = sig.7
       v     = v.7
       z     = verify(sig.7, <v.7, d.7>, pk.7)
    
    2. d     = x.7
       pk    = pk(x.8)
       sig   = sign(<x.9, x.7>, x.8)
       v     = x.9
       z     = true
    // loop breaker: [2]
  */

lemma pipeline_executable:
  exists-trace "∃ v d content #i. Executed( v, d, content ) @ #i"
/*
guarded formula characterizing all satisfying traces:
"∃ v d content #i. (Executed( v, d, content ) @ #i)"
*/
simplify
solve( !SignPub( pk(x) ) ▶₀ #i )
  case Init_Signer
  solve( !Referent( v, content ) ▶₃ #i )
    case Init_Capture
    solve( !KU( sign(<~n.1, h(~n.2)>, ~n) ) @ #vk.4 )
      case Sign_K2_case_1
      solve( Current( ~n.1 ) ▶₂ #i )
        case Commit_Intent
        solve( Current( ~n.1 ) ▶₀ #vr.6 )
          case Commit_Intent
          solve( Current( ~n.1 ) ▶₀ #vr.7 )
            case Commit_Intent
            solve( Current( ~n.1 ) ▶₀ #vr.8 )
              case Commit_Intent
              solve( Current( ~n.1 ) ▶₀ #vr.9 )
                case Init_Capture
                solve( Current( ~n.1 ) ▶₀ #vr.10 )
                  case Init_Capture
                  solve( Current( ~n.1 ) ▶₀ #vr.9 )
                    case Init_Capture
                    solve( !KU( ~n.1 ) @ #vk.3 )
                      case Init_Capture
                      solve( !KU( h(~n.2) ) @ #vk.4 )
                        case Sign_K2_case_1
                        solve( Current( ~n.1 ) ▶₀ #vr.13 )
                          case Init_Capture
                          solve( Current( ~n.1 ) ▶₀ #vr.14 )
                            case Init_Capture
                            SOLVED // trace found
                          qed
                        qed
                      qed
                    qed
                  qed
                qed
              qed
            qed
          qed
        qed
      qed
    qed
  qed
qed

lemma full_lifecycle_non_reconstitution:
  all-traces
  "∀ v d c #e.
    (Executed( v, d, c ) @ #e) ⇒
    (∃ #k. (Committed( v, c, d ) @ #k) ∧ (#k < #e))"
/*
guarded formula characterizing all counter-examples:
"∃ v d c #e.
  (Executed( v, d, c ) @ #e)
 ∧
  ∀ #k. (Committed( v, c, d ) @ #k) ⇒ ¬(#k < #e)"
*/
simplify
solve( !SignPub( pk(x) ) ▶₀ #e )
  case Init_Signer
  solve( !Referent( v, c ) ▶₃ #e )
    case Mutate_Referent
    solve( !KU( sign(<~n.1, h(c)>, ~n) ) @ #vk.4 )
      case Sign_K2_case_4
      solve( Current( ~n.1 ) ▶₂ #e )
        case Execute_RSI
        solve( !KU( sign(<~n.1, h(c)>, ~n.2) ) @ #vk.7 )
          case Sign_K2_case_2
          solve( Current( v ) ▶₀ #vr.1 )
            case Commit_Intent_case_1
            solve( Current( ~n.1 ) ▶₂ #vr.6 )
              case Execute_RSI
              solve( !KU( sign(<~n.1, h(c)>, ~n.4) ) @ #vk.7 )
                case Sign_K2_case_2
                solve( Current( ~n.2 ) ▶₀ #vr.7 )
                  case Commit_Intent
                  solve( Current( ~n.1 ) ▶₂ #vr.9 )
                    case Mutate_Referent
                    solve( Current( ~n.2 ) ▶₀ #vr.10 )
                      case Commit_Intent
                      solve( Current( ~n.2 ) ▶₀ #vr.11 )
                        case Init_Capture
                        solve( !KU( h(c) ) @ #vk.4 )
                          case c_h
                          solve( !KU( ~n.1 ) @ #vk.4 )
                            case Mutate_Referent
                            SOLVED // trace found
                          qed
                        qed
                      qed
                    qed
                  qed
                qed
              qed
            qed
          qed
        qed
      qed
    qed
  qed
qed

/* All wellformedness checks were successful. */

/*
Generated from:
Tamarin version 1.12.0
Maude version 3.5.1
Git revision: 82780bbaf3328a45f624ddb41e51bf75425f851c (with uncommited changes), branch: master
Compiled at: 2026-03-07 14:22:39.174278293 UTC
*/

end

==============================================================================
summary of summaries:

analyzed: composition_three_action.spthy

  processing time: 138.74s
  
  pipeline_executable (exists-trace): verified (16 steps)
  full_lifecycle_non_reconstitution (all-traces): falsified - found trace (16 steps)

==============================================================================
